[03:16:00] Directory ready: /home/alexk/record/temp_recovery
[03:16:00] Directory ready: /home/alexk/data
[03:16:00] Directory ready: /home/alexk/archive
03:16:00 Start bin files processing
[03:16:00] Runing convbin to convert /home/alexk/record/20220210_000000.ubx to rnx
[03:16:01] Runing convbin to convert /home/alexk/record/20220210_010000.ubx to rnx

DATE/TIME           | C | EPOCH / FILE            | SITE | T | MESSAGE
--------------------+---+-------------------------+------+---+-----------------------------------------------------------...
2022-02-10 03:16:01 | N | 0000-00-00 00:00:00.000 | XXXX | O | SPLICE OF (2 files) 20220210_000000.rnx 20220210_0 ...
2022-02-10 03:16:01 | W | 0000-00-00 00:00:00.000 | XXXX | O | file duration -> unsupported file name >20220210_000000.rnx<
2022-02-10 03:16:01 | W | 0000-00-00 00:00:00.000 | ANTC | O | HEADER -> missing receiver type ><
2022-02-10 03:16:01 | W | 0000-00-00 00:00:00.000 | ANTC | O | HEADER -> missing antenna type ><
2022-02-10 03:16:01 | W | 0000-00-00 00:00:00.000 | XXXX | O | file duration -> unsupported file name >20220210_010000.rnx<
2022-02-10 03:16:01 | W | 0000-00-00 00:00:00.000 | ANTC | O | HEADER -> missing receiver type ><
2022-02-10 03:16:01 | W | 0000-00-00 00:00:00.000 | ANTC | O | HEADER -> missing antenna type ><

[03:16:01] WARNING: 0 gfzrnx could not merge rnx files
There was an error with gfzrnx. Move corrupt rnx files to archive folder
[03:16:01] Can not move corrupt rnx files to archive folder
Remove processed rnx files
Remove temporary /home/alexk/record/temp_recovery folder
Move processed bin file(s) to archive folder
15-min file  (with more than: 1 1S EPOCHs) are cleaned and ready
[03:16:00] Directory ready: /home/alexk/record/temp_recovery
[03:16:00] Directory ready: /home/alexk/data
[03:16:00] Directory ready: /home/alexk/archive
03:16:00 Start bin files processing
[03:16:00] Runing convbin to convert /home/alexk/record/20220210_000000.ubx to rnx
[03:16:00] Runing convbin to convert /home/alexk/record/20220210_010000.ubx to rnx

DATE/TIME           | C | EPOCH / FILE            | SITE | T | MESSAGE
--------------------+---+-------------------------+------+---+-----------------------------------------------------------...
2022-02-10 03:16:01 | N | 0000-00-00 00:00:00.000 | XXXX | O | SPLICE OF (2 files) 20220210_000000.rnx 20220210_0 ...
2022-02-10 03:16:01 | W | 0000-00-00 00:00:00.000 | XXXX | O | file duration -> unsupported file name >20220210_000000.rnx<
2022-02-10 03:16:01 | W | 0000-00-00 00:00:00.000 | ANTC | O | HEADER -> missing antenna type ><
2022-02-10 03:16:01 | W | 0000-00-00 00:00:00.000 | ANTC | O | HEADER -> missing receiver type ><
2022-02-10 03:16:01 | W | 0000-00-00 00:00:00.000 | XXXX | O | file duration -> unsupported file name >20220210_010000.rnx<
2022-02-10 03:16:01 | W | 0000-00-00 00:00:00.000 | ANTC | O | HEADER -> missing receiver type ><
2022-02-10 03:16:01 | W | 0000-00-00 00:00:00.000 | ANTC | O | HEADER -> missing antenna type ><

[03:16:01] WARNING: 0 gfzrnx could not merge rnx files
There was an error with gfzrnx. Move corrupt rnx files to archive folder
[03:16:01] Can not move corrupt rnx files to archive folder
Remove processed rnx files
Remove temporary /home/alexk/record/temp_recovery folder
Move processed bin file(s) to archive folder
15-min file  (with more than: 1 1S EPOCHs) are cleaned and ready
[01:16:00] Directory ready: /home/alexk/record/temp_recovery
[01:16:00] Directory ready: /home/alexk/data
[01:16:00] Directory ready: /home/alexk/archive
01:16:00 Start bin files processing
[01:16:00] Runing convbin to convert /home/alexk/record/20220210_000000.ubx to rnx
[01:16:01] Runing convbin to convert /home/alexk/record/20220210_010000.ubx to rnx

DATE/TIME           | C | EPOCH / FILE            | SITE | T | MESSAGE
--------------------+---+-------------------------+------+---+-----------------------------------------------------------...
2022-02-10 01:16:02 | N | 0000-00-00 00:00:00.000 | XXXX | O | SPLICE OF (2 files) 20220210_000000.rnx 20220210_0 ...
2022-02-10 01:16:02 | W | 0000-00-00 00:00:00.000 | XXXX | O | file duration -> unsupported file name >20220210_000000.rnx<
2022-02-10 01:16:02 | W | 0000-00-00 00:00:00.000 | ANTC | O | HEADER -> missing antenna type ><
2022-02-10 01:16:02 | W | 0000-00-00 00:00:00.000 | ANTC | O | HEADER -> missing receiver type ><
2022-02-10 01:16:02 | W | 0000-00-00 00:00:00.000 | XXXX | O | file duration -> unsupported file name >20220210_010000.rnx<
2022-02-10 01:16:02 | W | 0000-00-00 00:00:00.000 | ANTC | O | HEADER -> missing antenna type ><
2022-02-10 01:16:02 | W | 0000-00-00 00:00:00.000 | ANTC | O | HEADER -> missing receiver type ><
2022-02-10 01:16:02 | W | 0000-00-00 00:00:00.000 | XXXX | O | file duration -> unsupported file name >20220210_000000.rnx<
2022-02-10 01:16:02 | W | 0000-00-00 00:00:00.000 | ANTC | O | HEADER -> missing antenna type ><
2022-02-10 01:16:02 | W | 0000-00-00 00:00:00.000 | ANTC | O | HEADER -> missing receiver type ><
2022-02-10 01:16:02 | W | 2022-02-10 01:00:25.000 | ANTC | O | format error (dot-check) for prn C09 (length 128 / 8 values)
2022-02-10 01:16:02 | W | 2022-02-10 01:00:25.000 | ANTC | O | mismatch of number of satellites(38) and records got(37) 2022-02-10 01:00:25.0000000 !
2022-02-10 01:16:02 | W | 0000-00-00 00:00:00.000 | XXXX | O | file duration -> unsupported file name >20220210_010000.rnx<
2022-02-10 01:16:02 | W | 0000-00-00 00:00:00.000 | ANTC | O | HEADER -> missing antenna type ><
2022-02-10 01:16:02 | W | 0000-00-00 00:00:00.000 | ANTC | O | HEADER -> missing receiver type ><
2022-02-10 01:16:02 | W | 2022-02-10 01:00:32.000 | ANTC | O | format error (dot-check) for prn C09 (length 128 / 8 values)
2022-02-10 01:16:02 | W | 2022-02-10 01:00:32.000 | ANTC | O | mismatch of number of satellites(38) and records got(37) 2022-02-10 01:00:32.0000000 !
2022-02-10 01:16:02 | W | 2022-02-10 01:02:00.000 | ANTC | O | format error (dot-check) for prn R20 (length 128 / 8 values)
2022-02-10 01:16:02 | W | 2022-02-10 01:02:00.000 | ANTC | O | mismatch of number of satellites(37) and records got(36) 2022-02-10 01:02:00.0000000 !
2022-02-10 01:16:02 | W | 2022-02-10 01:02:22.000 | ANTC | O | format error (dot-check) for prn R20 (length 128 / 8 values)
2022-02-10 01:16:02 | W | 2022-02-10 01:02:22.000 | ANTC | O | mismatch of number of satellites(37) and records got(36) 2022-02-10 01:02:22.0000000 !
2022-02-10 01:16:02 | W | 2022-02-10 01:02:37.000 | ANTC | O | format error (dot-check) for prn R20 (length 128 / 8 values)
2022-02-10 01:16:02 | W | 2022-02-10 01:02:37.000 | ANTC | O | mismatch of number of satellites(37) and records got(36) 2022-02-10 01:02:37.0000000 !
2022-02-10 01:16:02 | W | 2022-02-10 01:03:21.000 | ANTC | O | format error (dot-check) for prn R20 (length 128 / 8 values)
2022-02-10 01:16:02 | W | 2022-02-10 01:03:21.000 | ANTC | O | mismatch of number of satellites(38) and records got(37) 2022-02-10 01:03:21.0000000 !
2022-02-10 01:16:02 | W | 2022-02-10 01:04:30.000 | ANTC | O | format error (dot-check) for prn R20 (length 128 / 8 values)
2022-02-10 01:16:02 | W | 2022-02-10 01:04:30.000 | ANTC | O | mismatch of number of satellites(38) and records got(37) 2022-02-10 01:04:30.0000000 !
2022-02-10 01:16:02 | W | 2022-02-10 01:05:30.000 | ANTC | O | format error (dot-check) for prn R20 (length 128 / 8 values)
2022-02-10 01:16:02 | W | 2022-02-10 01:05:30.000 | ANTC | O | mismatch of number of satellites(38) and records got(37) 2022-02-10 01:05:30.0000000 !
2022-02-10 01:16:02 | W | 2022-02-10 01:06:12.000 | ANTC | O | format error (dot-check) for prn R20 (length 128 / 8 values)
2022-02-10 01:16:02 | W | 2022-02-10 01:06:12.000 | ANTC | O | mismatch of number of satellites(38) and records got(37) 2022-02-10 01:06:12.0000000 !
2022-02-10 01:16:02 | W | 2022-02-10 01:06:52.000 | ANTC | O | format error (dot-check) for prn C25 (length 128 / 8 values)
2022-02-10 01:16:02 | W | 2022-02-10 01:06:52.000 | ANTC | O | mismatch of number of satellites(38) and records got(37) 2022-02-10 01:06:52.0000000 !
2022-02-10 01:16:02 | W | 2022-02-10 01:07:06.000 | ANTC | O | format error (dot-check) for prn R20 (length 128 / 8 values)
2022-02-10 01:16:02 | W | 2022-02-10 01:07:06.000 | ANTC | O | mismatch of number of satellites(37) and records got(36) 2022-02-10 01:07:06.0000000 !
2022-02-10 01:16:02 | W | 2022-02-10 01:07:28.000 | ANTC | O | format error (dot-check) for prn R20 (length 128 / 8 values)
2022-02-10 01:16:02 | W | 2022-02-10 01:07:28.000 | ANTC | O | mismatch of number of satellites(38) and records got(37) 2022-02-10 01:07:28.0000000 !
2022-02-10 01:16:02 | W | 2022-02-10 01:07:45.000 | ANTC | O | format error (dot-check) for prn R20 (length 128 / 8 values)
2022-02-10 01:16:02 | W | 2022-02-10 01:07:45.000 | ANTC | O | mismatch of number of satellites(38) and records got(37) 2022-02-10 01:07:45.0000000 !
2022-02-10 01:16:02 | W | 2022-02-10 01:08:19.000 | ANTC | O | format error (dot-check) for prn R20 (length 128 / 8 values)
2022-02-10 01:16:02 | W | 2022-02-10 01:08:19.000 | ANTC | O | mismatch of number of satellites(37) and records got(36) 2022-02-10 01:08:19.0000000 !
2022-02-10 01:16:02 | W | 2022-02-10 01:08:38.000 | ANTC | O | format error (dot-check) for prn R20 (length 128 / 8 values)
2022-02-10 01:16:02 | W | 2022-02-10 01:08:38.000 | ANTC | O | mismatch of number of satellites(38) and records got(37) 2022-02-10 01:08:38.0000000 !
2022-02-10 01:16:02 | W | 2022-02-10 01:10:56.000 | ANTC | O | format error (dot-check) for prn R20 (length 128 / 8 values)
2022-02-10 01:16:02 | W | 2022-02-10 01:10:56.000 | ANTC | O | mismatch of number of satellites(37) and records got(36) 2022-02-10 01:10:56.0000000 !
2022-02-10 01:16:02 | W | 2022-02-10 01:11:15.000 | ANTC | O | format error (dot-check) for prn R20 (length 128 / 8 values)
2022-02-10 01:16:02 | W | 2022-02-10 01:11:15.000 | ANTC | O | mismatch of number of satellites(36) and records got(35) 2022-02-10 01:11:15.0000000 !
2022-02-10 01:16:02 | W | 2022-02-10 01:11:46.000 | ANTC | O | format error (dot-check) for prn R20 (length 128 / 8 values)
2022-02-10 01:16:02 | W | 2022-02-10 01:11:46.000 | ANTC | O | mismatch of number of satellites(37) and records got(36) 2022-02-10 01:11:46.0000000 !

Processing /home/alexk/record/temp_recovery/202200XXX_R_20220410100_15M_01S_MO.rnx with  900 epochs
Remove processed rnx files
Remove temporary /home/alexk/record/temp_recovery folder
Move processed bin file(s) to archive folder
15-min file ANTC00CAN_R_20220410100_15M_01S_MO.crx.gz (with more than: 1 1S EPOCHs) are cleaned and ready
